SQL> connect emp/emp;
Connected.
SQL> set linesize 100;
SQL> slect * from emp ORDER BY ename;
SP2-0734: unknown command beginning "slect * fr..." - rest of line ignored.
SQL> select * from emp ORDER BY ename;

     EMPNO ENAME      JOB              MGR HIREDATE         SAL       COMM     DEPTNO               
---------- ---------- --------- ---------- --------- ---------- ---------- ----------               
      7876 ADAMS      CLERK           7788 12-JAN-83       1100                    20               
      7499 ALLEN      SALESMAN        7698 20-FEB-81       1600        300         30               
      7698 BLAKE      MANAGER         7839 01-MAY-81       2850                    30               
      7782 CLARK      MANAGER         7839 09-JUN-81       2450                    10               
      7902 FORD       ANALYST         7566 03-DEC-81       3000                    20               
      7900 JAMES      CLERK           7698 03-DEC-81        950                    30               
      7566 JONES      MANAGER         7839 02-APR-81       2975                    20               
      7839 KING       PRESIDENT            17-NOV-81       5000                    10               
      7654 MARTIN     SALESMAN        7698 28-SEP-81       1250       1400         30               
      7934 MILLER     CLERK           7782 23-JAN-82       1300                    10               
      7788 SCOTT      ANALYST         7566 09-DEC-82       3000                    20               

     EMPNO ENAME      JOB              MGR HIREDATE         SAL       COMM     DEPTNO               
---------- ---------- --------- ---------- --------- ---------- ---------- ----------               
      7369 SMITH      CLERK           7902 17-DEC-80        800                    20               
      7844 TURNER     SALESMAN        7698 08-SEP-81       1500          0         30               
      7521 WARD       SALESMAN        7698 22-FEB-81       1250        500         30               

14 rows selected.

SQL> select * from emp ORDER BY ename desc;

     EMPNO ENAME      JOB              MGR HIREDATE         SAL       COMM     DEPTNO               
---------- ---------- --------- ---------- --------- ---------- ---------- ----------               
      7521 WARD       SALESMAN        7698 22-FEB-81       1250        500         30               
      7844 TURNER     SALESMAN        7698 08-SEP-81       1500          0         30               
      7369 SMITH      CLERK           7902 17-DEC-80        800                    20               
      7788 SCOTT      ANALYST         7566 09-DEC-82       3000                    20               
      7934 MILLER     CLERK           7782 23-JAN-82       1300                    10               
      7654 MARTIN     SALESMAN        7698 28-SEP-81       1250       1400         30               
      7839 KING       PRESIDENT            17-NOV-81       5000                    10               
      7566 JONES      MANAGER         7839 02-APR-81       2975                    20               
      7900 JAMES      CLERK           7698 03-DEC-81        950                    30               
      7902 FORD       ANALYST         7566 03-DEC-81       3000                    20               
      7782 CLARK      MANAGER         7839 09-JUN-81       2450                    10               

     EMPNO ENAME      JOB              MGR HIREDATE         SAL       COMM     DEPTNO               
---------- ---------- --------- ---------- --------- ---------- ---------- ----------               
      7698 BLAKE      MANAGER         7839 01-MAY-81       2850                    30               
      7499 ALLEN      SALESMAN        7698 20-FEB-81       1600        300         30               
      7876 ADAMS      CLERK           7788 12-JAN-83       1100                    20               

14 rows selected.

SQL> select * from emp ORDER BY sal;

     EMPNO ENAME      JOB              MGR HIREDATE         SAL       COMM     DEPTNO               
---------- ---------- --------- ---------- --------- ---------- ---------- ----------               
      7369 SMITH      CLERK           7902 17-DEC-80        800                    20               
      7900 JAMES      CLERK           7698 03-DEC-81        950                    30               
      7876 ADAMS      CLERK           7788 12-JAN-83       1100                    20               
      7521 WARD       SALESMAN        7698 22-FEB-81       1250        500         30               
      7654 MARTIN     SALESMAN        7698 28-SEP-81       1250       1400         30               
      7934 MILLER     CLERK           7782 23-JAN-82       1300                    10               
      7844 TURNER     SALESMAN        7698 08-SEP-81       1500          0         30               
      7499 ALLEN      SALESMAN        7698 20-FEB-81       1600        300         30               
      7782 CLARK      MANAGER         7839 09-JUN-81       2450                    10               
      7698 BLAKE      MANAGER         7839 01-MAY-81       2850                    30               
      7566 JONES      MANAGER         7839 02-APR-81       2975                    20               

     EMPNO ENAME      JOB              MGR HIREDATE         SAL       COMM     DEPTNO               
---------- ---------- --------- ---------- --------- ---------- ---------- ----------               
      7788 SCOTT      ANALYST         7566 09-DEC-82       3000                    20               
      7902 FORD       ANALYST         7566 03-DEC-81       3000                    20               
      7839 KING       PRESIDENT            17-NOV-81       5000                    10               

14 rows selected.

SQL> select * from emp ORDER BY sal desc;

     EMPNO ENAME      JOB              MGR HIREDATE         SAL       COMM     DEPTNO               
---------- ---------- --------- ---------- --------- ---------- ---------- ----------               
      7839 KING       PRESIDENT            17-NOV-81       5000                    10               
      7902 FORD       ANALYST         7566 03-DEC-81       3000                    20               
      7788 SCOTT      ANALYST         7566 09-DEC-82       3000                    20               
      7566 JONES      MANAGER         7839 02-APR-81       2975                    20               
      7698 BLAKE      MANAGER         7839 01-MAY-81       2850                    30               
      7782 CLARK      MANAGER         7839 09-JUN-81       2450                    10               
      7499 ALLEN      SALESMAN        7698 20-FEB-81       1600        300         30               
      7844 TURNER     SALESMAN        7698 08-SEP-81       1500          0         30               
      7934 MILLER     CLERK           7782 23-JAN-82       1300                    10               
      7521 WARD       SALESMAN        7698 22-FEB-81       1250        500         30               
      7654 MARTIN     SALESMAN        7698 28-SEP-81       1250       1400         30               

     EMPNO ENAME      JOB              MGR HIREDATE         SAL       COMM     DEPTNO               
---------- ---------- --------- ---------- --------- ---------- ---------- ----------               
      7876 ADAMS      CLERK           7788 12-JAN-83       1100                    20               
      7900 JAMES      CLERK           7698 03-DEC-81        950                    30               
      7369 SMITH      CLERK           7902 17-DEC-80        800                    20               

14 rows selected.

SQL> select * from emp ORDER BY hiredate;

     EMPNO ENAME      JOB              MGR HIREDATE         SAL       COMM     DEPTNO               
---------- ---------- --------- ---------- --------- ---------- ---------- ----------               
      7369 SMITH      CLERK           7902 17-DEC-80        800                    20               
      7499 ALLEN      SALESMAN        7698 20-FEB-81       1600        300         30               
      7521 WARD       SALESMAN        7698 22-FEB-81       1250        500         30               
      7566 JONES      MANAGER         7839 02-APR-81       2975                    20               
      7698 BLAKE      MANAGER         7839 01-MAY-81       2850                    30               
      7782 CLARK      MANAGER         7839 09-JUN-81       2450                    10               
      7844 TURNER     SALESMAN        7698 08-SEP-81       1500          0         30               
      7654 MARTIN     SALESMAN        7698 28-SEP-81       1250       1400         30               
      7839 KING       PRESIDENT            17-NOV-81       5000                    10               
      7900 JAMES      CLERK           7698 03-DEC-81        950                    30               
      7902 FORD       ANALYST         7566 03-DEC-81       3000                    20               

     EMPNO ENAME      JOB              MGR HIREDATE         SAL       COMM     DEPTNO               
---------- ---------- --------- ---------- --------- ---------- ---------- ----------               
      7934 MILLER     CLERK           7782 23-JAN-82       1300                    10               
      7788 SCOTT      ANALYST         7566 09-DEC-82       3000                    20               
      7876 ADAMS      CLERK           7788 12-JAN-83       1100                    20               

14 rows selected.

SQL> select * from emp ORDER BY hiredate desc;

     EMPNO ENAME      JOB              MGR HIREDATE         SAL       COMM     DEPTNO               
---------- ---------- --------- ---------- --------- ---------- ---------- ----------               
      7876 ADAMS      CLERK           7788 12-JAN-83       1100                    20               
      7788 SCOTT      ANALYST         7566 09-DEC-82       3000                    20               
      7934 MILLER     CLERK           7782 23-JAN-82       1300                    10               
      7902 FORD       ANALYST         7566 03-DEC-81       3000                    20               
      7900 JAMES      CLERK           7698 03-DEC-81        950                    30               
      7839 KING       PRESIDENT            17-NOV-81       5000                    10               
      7654 MARTIN     SALESMAN        7698 28-SEP-81       1250       1400         30               
      7844 TURNER     SALESMAN        7698 08-SEP-81       1500          0         30               
      7782 CLARK      MANAGER         7839 09-JUN-81       2450                    10               
      7698 BLAKE      MANAGER         7839 01-MAY-81       2850                    30               
      7566 JONES      MANAGER         7839 02-APR-81       2975                    20               

     EMPNO ENAME      JOB              MGR HIREDATE         SAL       COMM     DEPTNO               
---------- ---------- --------- ---------- --------- ---------- ---------- ----------               
      7521 WARD       SALESMAN        7698 22-FEB-81       1250        500         30               
      7499 ALLEN      SALESMAN        7698 20-FEB-81       1600        300         30               
      7369 SMITH      CLERK           7902 17-DEC-80        800                    20               

14 rows selected.

SQL> select emp, sal from emp ORDER BY sal, ename;
select emp, sal from emp ORDER BY sal, ename
       *
ERROR at line 1:
ORA-00904: "EMP": invalid identifier 


SQL> select ename, sal from emp ORDER BY sal, ename;

ENAME             SAL                                                                               
---------- ----------                                                                               
SMITH             800                                                                               
JAMES             950                                                                               
ADAMS            1100                                                                               
MARTIN           1250                                                                               
WARD             1250                                                                               
MILLER           1300                                                                               
TURNER           1500                                                                               
ALLEN            1600                                                                               
CLARK            2450                                                                               
BLAKE            2850                                                                               
JONES            2975                                                                               

ENAME             SAL                                                                               
---------- ----------                                                                               
FORD             3000                                                                               
SCOTT            3000                                                                               
KING             5000                                                                               

14 rows selected.

SQL> select ename, sal from emp ORDER BY sal;

ENAME             SAL                                                                               
---------- ----------                                                                               
SMITH             800                                                                               
JAMES             950                                                                               
ADAMS            1100                                                                               
WARD             1250                                                                               
MARTIN           1250                                                                               
MILLER           1300                                                                               
TURNER           1500                                                                               
ALLEN            1600                                                                               
CLARK            2450                                                                               
BLAKE            2850                                                                               
JONES            2975                                                                               

ENAME             SAL                                                                               
---------- ----------                                                                               
SCOTT            3000                                                                               
FORD             3000                                                                               
KING             5000                                                                               

14 rows selected.

SQL> select ename, sal from emp ORDER BY sal desc, ename;

ENAME             SAL                                                                               
---------- ----------                                                                               
KING             5000                                                                               
FORD             3000                                                                               
SCOTT            3000                                                                               
JONES            2975                                                                               
BLAKE            2850                                                                               
CLARK            2450                                                                               
ALLEN            1600                                                                               
TURNER           1500                                                                               
MILLER           1300                                                                               
MARTIN           1250                                                                               
WARD             1250                                                                               

ENAME             SAL                                                                               
---------- ----------                                                                               
ADAMS            1100                                                                               
JAMES             950                                                                               
SMITH             800                                                                               

14 rows selected.

SQL> select ename, sal from emp ORDER BY sal , ename desc;

ENAME             SAL                                                                               
---------- ----------                                                                               
SMITH             800                                                                               
JAMES             950                                                                               
ADAMS            1100                                                                               
WARD             1250                                                                               
MARTIN           1250                                                                               
MILLER           1300                                                                               
TURNER           1500                                                                               
ALLEN            1600                                                                               
CLARK            2450                                                                               
BLAKE            2850                                                                               
JONES            2975                                                                               

ENAME             SAL                                                                               
---------- ----------                                                                               
SCOTT            3000                                                                               
FORD             3000                                                                               
KING             5000                                                                               

14 rows selected.

SQL> select job, ename from emp ORDER BY job desc, ename asc;

JOB       ENAME                                                                                     
--------- ----------                                                                                
SALESMAN  ALLEN                                                                                     
SALESMAN  MARTIN                                                                                    
SALESMAN  TURNER                                                                                    
SALESMAN  WARD                                                                                      
PRESIDENT KING                                                                                      
MANAGER   BLAKE                                                                                     
MANAGER   CLARK                                                                                     
MANAGER   JONES                                                                                     
CLERK     ADAMS                                                                                     
CLERK     JAMES                                                                                     
CLERK     MILLER                                                                                    

JOB       ENAME                                                                                     
--------- ----------                                                                                
CLERK     SMITH                                                                                     
ANALYST   FORD                                                                                      
ANALYST   SCOTT                                                                                     

14 rows selected.

SQL> commit;

Commit complete.

SQL> spool off;
